========= ======== =========== =========== =========== ==============
asset_ref taxonomy lon         lat         structural  structural_ins
========= ======== =========== =========== =========== ==============
a0        "RM"     8.12985E+01 2.91098E+01 1.82277E+02 9.04980E+01   
a1        "RC+"    8.30823E+01 2.79006E+01 7.06266E+01 8.73550E+00   
a2        "W/1"    8.57477E+01 2.79015E+01 1.44352E+02 7.69029E+01   
a3        "RM"     8.57477E+01 2.79015E+01 3.15727E+02 0.00000E+00   
========= ======== =========== =========== =========== ==============