asset_ref,taxonomy,lon,lat,structural
a3,"tax1",-122.57000,38.11300,4.98303E-01
a2,"tax1",-122.11400,38.11300,9.93670E+00
a5,"tax1",-122.00000,37.91000,5.90258E+00
a4,"tax1",-122.00000,38.00000,2.52940E+01
a1,"tax1",-122.00000,38.11300,4.10688E+01
a6,"tax1",-122.00000,38.22500,1.38853E+01
a7,"tax1",-121.88600,38.11300,1.01300E+01
