<?xml version="1.0" encoding="utf-8"?>
<nrml
xmlns="http://openquake.org/xmlns/nrml/0.5"
xmlns:gml="http://www.opengis.net/gml"
>
    <uniformHazardSpectra
    gsimTreePath="b12"
    investigationTime="1.0"
    poE="0.002105"
    sourceModelTreePath="b1"
    >
        <periods>
            0.0 0.2 1.0
        </periods>
        <uhs>
            <gml:Point>
                <gml:pos>
                    -123.23738 49.27479
                </gml:pos>
            </gml:Point>
            <IMLs>
                4.1893322E-02 9.5595971E-02 3.1007454E-02
            </IMLs>
        </uhs>
        <uhs>
            <gml:Point>
                <gml:pos>
                    -123.23282 49.26162
                </gml:pos>
            </gml:Point>
            <IMLs>
                4.1676454E-02 9.5112853E-02 3.0877488E-02
            </IMLs>
        </uhs>
        <uhs>
            <gml:Point>
                <gml:pos>
                    -123.2048 49.26786
                </gml:pos>
            </gml:Point>
            <IMLs>
                4.2096801E-02 9.6007809E-02 3.0976405E-02
            </IMLs>
        </uhs>
    </uniformHazardSpectra>
</nrml>
