asset_ref,taxonomy,lon,lat,occupants~poe-0.01,occupants~poe-0.02
a3,"tax1",-122.57000,38.11300,1.45096E-03,1.45096E-03
a2,"tax1",-122.11400,38.11300,3.82624E-03,3.82624E-03
a5,"tax1",-122.00000,37.91000,4.94402E-03,4.94402E-03
a4,"tax1",-122.00000,38.00000,4.61171E-02,4.61171E-02
a1,"tax1",-122.00000,38.11300,3.56133E-02,3.56133E-02
a6,"tax1",-122.00000,38.22500,1.71846E-02,1.71846E-02
a7,"tax1",-121.88600,38.11300,5.68432E-03,5.68432E-03
