asset_ref,taxonomy,state,cresta,occupancy,lon,lat,business_interruption,contents,nonstructural,occupants,structural,business_interruption_ins,contents_ins,nonstructural_ins,occupants_ins,structural_ins
a3,"tax1","02","0.21","Com",-122.57000,38.11300,2.19553E+02,1.25944E+03,1.88916E+03,4.39106E-03,4.53841E+02,4.06875E+00,4.06875E+00,4.06875E+00,0.00000E+00,2.01250E+00
a2,"tax2","01","0.12","Res",-122.11400,38.11300,4.71276E+02,7.04160E+03,9.16319E+03,9.42551E-03,4.92689E+02,1.05000E+01,1.05000E+01,1.05000E+01,0.00000E+00,3.32500E+00
a5,"tax1","02","0.23","Res",-122.00000,37.91000,3.10781E+02,1.68099E+03,2.52148E+03,6.21563E-03,2.50870E+02,8.44375E+00,8.44375E+00,8.44375E+00,0.00000E+00,1.75000E+00
a4,"tax3","02","0.22","Res",-122.00000,38.00000,4.15575E+02,1.52253E+03,4.78055E+03,8.31151E-03,1.49850E+02,1.02375E+01,8.57500E+00,9.23125E+00,0.00000E+00,5.25000E-01
a1,"tax1","01","0.11","Res",-122.00000,38.11300,6.99659E+02,4.50952E+03,6.14640E+03,1.39932E-02,1.80201E+03,1.02375E+01,1.02375E+01,1.02375E+01,0.00000E+00,3.98125E+00
a6,"tax2","03","0.31","Res",-122.00000,38.22500,5.16743E+02,8.42994E+03,1.42622E+04,1.03349E-02,7.25480E+02,9.49375E+00,1.04125E+01,1.04125E+01,0.00000E+00,3.67500E+00
a7,"tax1","03","0.32","Res",-121.88600,38.11300,5.25252E+02,3.01951E+03,4.48947E+03,1.05050E-02,6.90946E+02,1.05000E+01,1.05000E+01,1.05000E+01,0.00000E+00,2.84375E+00
