asset_ref,taxonomy,state,cresta,occupancy,lon,lat,business_interruption,contents,nonstructural,occupants,structural,business_interruption_ins,contents_ins,nonstructural_ins,occupants_ins,structural_ins
a3,"tax1","02","0.21","Com",-122.57000,38.11300,1.10039E+02,5.67009E+02,8.50514E+02,2.20077E-03,0.00000E+00,3.50000E+00,3.50000E+00,3.50000E+00,0.00000E+00,0.00000E+00
a2,"tax2","01","0.12","Res",-122.11400,38.11300,1.83263E+02,3.84965E+03,4.90247E+03,3.66526E-03,0.00000E+00,3.50000E+00,3.50000E+00,3.50000E+00,0.00000E+00,0.00000E+00
a5,"tax1","02","0.23","Res",-122.00000,37.91000,1.42286E+02,7.90227E+02,1.18534E+03,2.84572E-03,0.00000E+00,3.50000E+00,3.50000E+00,3.50000E+00,0.00000E+00,0.00000E+00
a4,"tax3","02","0.22","Res",-122.00000,38.00000,1.41468E+02,5.39767E+02,1.47379E+03,2.82937E-03,0.00000E+00,3.50000E+00,3.50000E+00,3.50000E+00,0.00000E+00,0.00000E+00
a1,"tax1","01","0.11","Res",-122.00000,38.11300,2.52982E+02,1.51264E+03,2.26897E+03,5.05964E-03,1.13760E+02,3.50000E+00,3.50000E+00,3.50000E+00,0.00000E+00,2.33333E+00
a6,"tax2","03","0.31","Res",-122.00000,38.22500,2.21401E+02,3.64331E+03,4.62574E+03,4.42802E-03,5.47757E+01,3.50000E+00,3.50000E+00,3.50000E+00,0.00000E+00,1.55556E+00
a7,"tax1","03","0.32","Res",-121.88600,38.11300,2.07599E+02,1.23211E+03,1.84817E+03,4.15198E-03,0.00000E+00,3.50000E+00,3.50000E+00,3.50000E+00,0.00000E+00,0.00000E+00
