========= ======== ===== ====== ============ =========== ===================== =========== ============= =========== ===========
asset_ref taxonomy state cresta lon          lat         business_interruption contents    nonstructural occupants   structural 
========= ======== ===== ====== ============ =========== ===================== =========== ============= =========== ===========
a1        "tax1"   "01"  "0.11" -1.22000E+02 3.81130E+01 6.99659E+02           4.50952E+03 6.14640E+03   1.39932E-02 1.80201E+03
a2        "tax2"   "01"  "0.12" -1.22114E+02 3.81130E+01 4.71276E+02           7.04160E+03 9.16319E+03   9.42551E-03 4.92689E+02
a3        "tax1"   "02"  "0.21" -1.22570E+02 3.81130E+01 2.19553E+02           1.25944E+03 1.88916E+03   4.39106E-03 4.53841E+02
a4        "tax3"   "02"  "0.22" -1.22000E+02 3.80000E+01 4.15575E+02           1.52253E+03 4.78055E+03   8.31151E-03 1.49850E+02
a5        "tax1"   "02"  "0.23" -1.22000E+02 3.79100E+01 3.10781E+02           1.68099E+03 2.52148E+03   6.21563E-03 2.50870E+02
a6        "tax2"   "03"  "0.31" -1.22000E+02 3.82250E+01 5.16743E+02           8.42994E+03 1.42622E+04   1.03349E-02 7.25480E+02
a7        "tax1"   "03"  "0.32" -1.21886E+02 3.81130E+01 5.25252E+02           3.01951E+03 4.48947E+03   1.05050E-02 6.90946E+02
========= ======== ===== ====== ============ =========== ===================== =========== ============= =========== ===========