asset_ref,taxonomy,state,cresta,occupancy,lon,lat,business_interruption,contents,nonstructural,occupants,structural,business_interruption_ins,contents_ins,nonstructural_ins,occupants_ins,structural_ins
a3,"tax1","02","0.21","Com",-122.57000,38.11300,5.04654E+02,3.00026E+03,4.50039E+03,1.00931E-02,1.25373E+03,7.00000E+00,7.00000E+00,7.00000E+00,0.00000E+00,3.50000E+00
a2,"tax2","01","0.12","Res",-122.11400,38.11300,9.16268E+02,1.08480E+04,1.48707E+04,1.83254E-02,6.22187E+02,1.94444E+01,1.94444E+01,1.94444E+01,0.00000E+00,3.50000E+00
a5,"tax1","02","0.23","Res",-122.00000,37.91000,5.21671E+02,2.81591E+03,4.22386E+03,1.04334E-02,8.81618E+02,1.40000E+01,1.40000E+01,1.40000E+01,0.00000E+00,3.50000E+00
a4,"tax3","02","0.22","Res",-122.00000,38.00000,8.59896E+02,3.87921E+03,1.14510E+04,1.71979E-02,1.72961E+03,1.75000E+01,1.86667E+01,1.94444E+01,0.00000E+00,3.50000E+00
a1,"tax1","01","0.11","Res",-122.00000,38.11300,1.19579E+03,6.95376E+03,1.04306E+04,2.39158E-02,2.60325E+03,1.94444E+01,1.94444E+01,1.94444E+01,0.00000E+00,7.00000E+00
a6,"tax2","03","0.31","Res",-122.00000,38.22500,9.24868E+02,1.58715E+04,1.97444E+04,1.84974E-02,1.15779E+03,1.98333E+01,1.94444E+01,1.94444E+01,0.00000E+00,3.50000E+00
a7,"tax1","03","0.32","Res",-121.88600,38.11300,9.25794E+02,5.63301E+03,7.73321E+03,1.85159E-02,1.56779E+03,1.98333E+01,1.98333E+01,1.98333E+01,0.00000E+00,3.50000E+00
