asset_ref,taxonomy,state,cresta,occupancy,lon,lat,business_interruption~poe-0.02,business_interruption~poe-0.1,contents~poe-0.02,contents~poe-0.1,nonstructural~poe-0.02,nonstructural~poe-0.1,occupants~poe-0.02,occupants~poe-0.1,structural~poe-0.02,structural~poe-0.1,business_interruption_ins~poe-0.02,business_interruption_ins~poe-0.1,contents_ins~poe-0.02,contents_ins~poe-0.1,nonstructural_ins~poe-0.02,nonstructural_ins~poe-0.1,occupants_ins~poe-0.02,occupants_ins~poe-0.1,structural_ins~poe-0.02,structural_ins~poe-0.1
a3,"tax1","02","0.21","Com",-122.57000,38.11300,3.65456E+01,3.56859E+01,2.07263E+02,2.01599E+02,3.10894E+02,3.02399E+02,7.30911E-04,7.13717E-04,0.00000E+00,0.00000E+00,7.00000E-01,7.00000E-01,7.00000E-01,7.00000E-01,7.00000E-01,7.00000E-01,0.00000E+00,0.00000E+00,0.00000E+00,0.00000E+00
a2,"tax2","01","0.12","Res",-122.11400,38.11300,1.60556E+02,1.54671E+02,5.50896E+02,5.43731E+02,8.08912E+02,7.99144E+02,3.21112E-03,3.09341E-03,3.68339E+02,3.54839E+02,7.00000E-01,7.00000E-01,7.00000E-01,7.00000E-01,7.00000E-01,7.00000E-01,0.00000E+00,0.00000E+00,7.00000E-01,7.00000E-01
a5,"tax1","02","0.23","Res",-122.00000,37.91000,4.05045E+01,3.96881E+01,2.34826E+02,2.29564E+02,3.52239E+02,3.44346E+02,8.10091E-04,7.93761E-04,0.00000E+00,0.00000E+00,7.00000E-01,7.00000E-01,7.00000E-01,7.00000E-01,7.00000E-01,7.00000E-01,0.00000E+00,0.00000E+00,0.00000E+00,0.00000E+00
a4,"tax3","02","0.22","Res",-122.00000,38.00000,3.37467E+02,3.20763E+02,7.26990E+02,6.95440E+02,3.24712E+03,3.08035E+03,6.74934E-03,6.41526E-03,1.51860E+03,1.43329E+03,7.00000E-01,7.00000E-01,7.00000E-01,7.00000E-01,7.00000E-01,7.00000E-01,0.00000E+00,0.00000E+00,7.00000E-01,6.60675E-01
a1,"tax1","01","0.11","Res",-122.00000,38.11300,2.96523E+02,2.82914E+02,2.44019E+03,2.32163E+03,2.66985E+03,2.54766E+03,5.93046E-03,5.65828E-03,1.47511E+03,1.40244E+03,7.00000E-01,7.00000E-01,7.00000E-01,7.00000E-01,7.00000E-01,7.00000E-01,0.00000E+00,0.00000E+00,7.00000E-01,7.00000E-01
a6,"tax2","03","0.31","Res",-122.00000,38.22500,5.45542E+01,5.38298E+01,1.10297E+03,1.06973E+03,1.24089E+03,1.21210E+03,1.09108E-03,1.07660E-03,1.26113E+02,1.24952E+02,7.00000E-01,7.00000E-01,7.00000E-01,7.00000E-01,7.00000E-01,7.00000E-01,0.00000E+00,0.00000E+00,7.00000E-01,7.00000E-01
a7,"tax1","03","0.32","Res",-121.88600,38.11300,7.35435E+01,7.16879E+01,4.53801E+02,4.41555E+02,6.80702E+02,6.62332E+02,1.47087E-03,1.43376E-03,2.54097E+02,2.45740E+02,7.00000E-01,7.00000E-01,7.00000E-01,7.00000E-01,7.00000E-01,7.00000E-01,0.00000E+00,0.00000E+00,7.00000E-01,7.00000E-01
