asset_ref,taxonomy,state,cresta,occupancy,lon,lat,business_interruption~poe-0.02,business_interruption~poe-0.1,contents~poe-0.02,contents~poe-0.1,nonstructural~poe-0.02,nonstructural~poe-0.1,occupants~poe-0.02,occupants~poe-0.1,structural~poe-0.02,structural~poe-0.1,business_interruption_ins~poe-0.02,business_interruption_ins~poe-0.1,contents_ins~poe-0.02,contents_ins~poe-0.1,nonstructural_ins~poe-0.02,nonstructural_ins~poe-0.1,occupants_ins~poe-0.02,occupants_ins~poe-0.1,structural_ins~poe-0.02,structural_ins~poe-0.1
a3,"tax1","02","0.21","Com",-122.57000,38.11300,2.34895E+01,2.34895E+01,1.23653E+02,1.23653E+02,1.85479E+02,1.85479E+02,4.69791E-04,4.69791E-04,0.00000E+00,0.00000E+00,7.00000E-01,7.00000E-01,7.00000E-01,7.00000E-01,7.00000E-01,7.00000E-01,0.00000E+00,0.00000E+00,0.00000E+00,0.00000E+00
a2,"tax2","01","0.12","Res",-122.11400,38.11300,4.02691E+01,4.02691E+01,1.20022E+03,1.20022E+03,1.42477E+03,1.42477E+03,8.05383E-04,8.05383E-04,1.02248E+02,1.02248E+02,7.00000E-01,7.00000E-01,7.00000E-01,7.00000E-01,7.00000E-01,7.00000E-01,0.00000E+00,0.00000E+00,7.00000E-01,7.00000E-01
a5,"tax1","02","0.23","Res",-122.00000,37.91000,3.58993E+01,3.58993E+01,2.05654E+02,2.05654E+02,3.08481E+02,3.08481E+02,7.17986E-04,7.17986E-04,0.00000E+00,0.00000E+00,7.00000E-01,7.00000E-01,7.00000E-01,7.00000E-01,7.00000E-01,7.00000E-01,0.00000E+00,0.00000E+00,0.00000E+00,0.00000E+00
a4,"tax3","02","0.22","Res",-122.00000,38.00000,4.74977E+01,4.74977E+01,1.55281E+02,1.55281E+02,1.06313E+03,1.06313E+03,9.49955E-04,9.49955E-04,1.53028E+02,1.53028E+02,7.00000E-01,7.00000E-01,7.00000E-01,7.00000E-01,7.00000E-01,7.00000E-01,0.00000E+00,0.00000E+00,7.00000E-01,7.00000E-01
a1,"tax1","01","0.11","Res",-122.00000,38.11300,8.86506E+01,8.86506E+01,6.81522E+02,6.81522E+02,8.07202E+02,8.07202E+02,1.77301E-03,1.77301E-03,4.12115E+02,4.12115E+02,7.00000E-01,7.00000E-01,7.00000E-01,7.00000E-01,7.00000E-01,7.00000E-01,0.00000E+00,0.00000E+00,7.00000E-01,7.00000E-01
a6,"tax2","03","0.31","Res",-122.00000,38.22500,1.66160E+02,1.66160E+02,5.00000E+03,5.00000E+03,1.48170E+04,1.48170E+04,3.32321E-03,3.32321E-03,3.70294E+02,3.70294E+02,7.00000E-01,7.00000E-01,7.00000E-01,7.00000E-01,7.00000E-01,7.00000E-01,0.00000E+00,0.00000E+00,7.00000E-01,7.00000E-01
a7,"tax1","03","0.32","Res",-121.88600,38.11300,8.21450E+01,8.21450E+01,5.10156E+02,5.10156E+02,7.65234E+02,7.65234E+02,1.64290E-03,1.64290E-03,2.90619E+02,2.90619E+02,7.00000E-01,7.00000E-01,7.00000E-01,7.00000E-01,7.00000E-01,7.00000E-01,0.00000E+00,0.00000E+00,7.00000E-01,7.00000E-01
