asset_ref,taxonomy,state,cresta,occupancy,lon,lat,business_interruption~poe-0.02,business_interruption~poe-0.1,contents~poe-0.02,contents~poe-0.1,nonstructural~poe-0.02,nonstructural~poe-0.1,occupants~poe-0.02,occupants~poe-0.1,structural~poe-0.02,structural~poe-0.1,business_interruption_ins~poe-0.02,business_interruption_ins~poe-0.1,contents_ins~poe-0.02,contents_ins~poe-0.1,nonstructural_ins~poe-0.02,nonstructural_ins~poe-0.1,occupants_ins~poe-0.02,occupants_ins~poe-0.1,structural_ins~poe-0.02,structural_ins~poe-0.1
a3,"tax1","02","0.21","Com",-122.57000,38.11300,4.01629E+01,4.01629E+01,2.35114E+02,2.35114E+02,3.52670E+02,3.52670E+02,8.03257E-04,8.03257E-04,1.10364E+02,1.10364E+02,7.00000E-01,7.00000E-01,7.00000E-01,7.00000E-01,7.00000E-01,7.00000E-01,0.00000E+00,0.00000E+00,7.00000E-01,7.00000E-01
a2,"tax2","01","0.12","Res",-122.11400,38.11300,3.21415E+01,3.21415E+01,4.72942E+02,4.72942E+02,7.09414E+02,7.09414E+02,6.42830E-04,6.42830E-04,0.00000E+00,0.00000E+00,7.00000E-01,7.00000E-01,7.00000E-01,7.00000E-01,7.00000E-01,7.00000E-01,0.00000E+00,0.00000E+00,0.00000E+00,0.00000E+00
a5,"tax1","02","0.23","Res",-122.00000,37.91000,2.42977E+01,2.42977E+01,1.28410E+02,1.28410E+02,1.92615E+02,1.92615E+02,4.85954E-04,4.85954E-04,0.00000E+00,0.00000E+00,7.00000E-01,7.00000E-01,7.00000E-01,7.00000E-01,7.00000E-01,7.00000E-01,0.00000E+00,0.00000E+00,0.00000E+00,0.00000E+00
a4,"tax3","02","0.22","Res",-122.00000,38.00000,2.63000E+01,2.63000E+01,1.99545E+02,1.99545E+02,3.63472E+02,3.63472E+02,5.26000E-04,5.26000E-04,0.00000E+00,0.00000E+00,7.00000E-01,7.00000E-01,7.00000E-01,7.00000E-01,7.00000E-01,7.00000E-01,0.00000E+00,0.00000E+00,0.00000E+00,0.00000E+00
a1,"tax1","01","0.11","Res",-122.00000,38.11300,4.48862E+01,4.48862E+01,2.72210E+02,2.72210E+02,4.08314E+02,4.08314E+02,8.97724E-04,8.97724E-04,1.57814E+02,1.57814E+02,7.00000E-01,7.00000E-01,7.00000E-01,7.00000E-01,7.00000E-01,7.00000E-01,0.00000E+00,0.00000E+00,7.00000E-01,7.00000E-01
a6,"tax2","03","0.31","Res",-122.00000,38.22500,9.10855E+01,9.10855E+01,1.60771E+03,1.60771E+03,1.81504E+03,1.81504E+03,1.82171E-03,1.82171E-03,1.83754E+02,1.83754E+02,7.00000E-01,7.00000E-01,7.00000E-01,7.00000E-01,7.00000E-01,7.00000E-01,0.00000E+00,0.00000E+00,7.00000E-01,7.00000E-01
a7,"tax1","03","0.32","Res",-121.88600,38.11300,3.96125E+01,3.96125E+01,2.28640E+02,2.28640E+02,3.42960E+02,3.42960E+02,7.92250E-04,7.92250E-04,0.00000E+00,0.00000E+00,7.00000E-01,7.00000E-01,7.00000E-01,7.00000E-01,7.00000E-01,7.00000E-01,0.00000E+00,0.00000E+00,0.00000E+00,0.00000E+00
