asset_ref,taxonomy,state,cresta,occupancy,lon,lat,business_interruption~poe-0.02,business_interruption~poe-0.1,contents~poe-0.02,contents~poe-0.1,nonstructural~poe-0.02,nonstructural~poe-0.1,occupants~poe-0.02,occupants~poe-0.1,structural~poe-0.02,structural~poe-0.1,business_interruption_ins~poe-0.02,business_interruption_ins~poe-0.1,contents_ins~poe-0.02,contents_ins~poe-0.1,nonstructural_ins~poe-0.02,nonstructural_ins~poe-0.1,occupants_ins~poe-0.02,occupants_ins~poe-0.1,structural_ins~poe-0.02,structural_ins~poe-0.1
a3,"tax1","02","0.21","Com",-122.57000,38.11300,2.32968E+01,2.32968E+01,1.22364E+02,1.22364E+02,1.83547E+02,1.83547E+02,4.65936E-04,4.65936E-04,0.00000E+00,0.00000E+00,7.00000E-01,7.00000E-01,7.00000E-01,7.00000E-01,7.00000E-01,7.00000E-01,0.00000E+00,0.00000E+00,0.00000E+00,0.00000E+00
a2,"tax2","01","0.12","Res",-122.11400,38.11300,5.39932E+01,5.39932E+01,1.82469E+03,1.82469E+03,2.00403E+03,2.00403E+03,1.07986E-03,1.07986E-03,1.24437E+02,1.24437E+02,7.00000E-01,7.00000E-01,7.00000E-01,7.00000E-01,7.00000E-01,7.00000E-01,0.00000E+00,0.00000E+00,7.00000E-01,7.00000E-01
a5,"tax1","02","0.23","Res",-122.00000,37.91000,4.27290E+01,4.27290E+01,2.51132E+02,2.51132E+02,3.76698E+02,3.76698E+02,8.54580E-04,8.54580E-04,1.18269E+02,1.18269E+02,7.00000E-01,7.00000E-01,7.00000E-01,7.00000E-01,7.00000E-01,7.00000E-01,0.00000E+00,0.00000E+00,7.00000E-01,7.00000E-01
a4,"tax3","02","0.22","Res",-122.00000,38.00000,6.69840E+01,6.69840E+01,1.76545E+02,1.76545E+02,1.99517E+03,1.99517E+03,1.33968E-03,1.33968E-03,2.53167E+02,2.53167E+02,7.00000E-01,7.00000E-01,7.00000E-01,7.00000E-01,7.00000E-01,7.00000E-01,0.00000E+00,0.00000E+00,7.00000E-01,7.00000E-01
a1,"tax1","01","0.11","Res",-122.00000,38.11300,1.04931E+02,1.04931E+02,8.57346E+02,8.57346E+02,9.45947E+02,9.45947E+02,2.09863E-03,2.09863E-03,5.20649E+02,5.20649E+02,7.00000E-01,7.00000E-01,7.00000E-01,7.00000E-01,7.00000E-01,7.00000E-01,0.00000E+00,0.00000E+00,7.00000E-01,7.00000E-01
a6,"tax2","03","0.31","Res",-122.00000,38.22500,2.15222E+02,2.15222E+02,5.00000E+03,5.00000E+03,1.49641E+04,1.49641E+04,4.30445E-03,4.30445E-03,5.21909E+02,5.21909E+02,7.00000E-01,7.00000E-01,7.00000E-01,7.00000E-01,7.00000E-01,7.00000E-01,0.00000E+00,0.00000E+00,7.00000E-01,7.00000E-01
a7,"tax1","03","0.32","Res",-121.88600,38.11300,1.50637E+02,1.50637E+02,1.12660E+03,1.12660E+03,1.37751E+03,1.37751E+03,3.01274E-03,3.01274E-03,6.33142E+02,6.33142E+02,7.00000E-01,7.00000E-01,7.00000E-01,7.00000E-01,7.00000E-01,7.00000E-01,0.00000E+00,0.00000E+00,7.00000E-01,7.00000E-01
