asset_ref,taxonomy,state,cresta,occupancy,lon,lat,business_interruption~poe-0.02,business_interruption~poe-0.1,contents~poe-0.02,contents~poe-0.1,nonstructural~poe-0.02,nonstructural~poe-0.1,occupants~poe-0.02,occupants~poe-0.1,structural~poe-0.02,structural~poe-0.1,business_interruption_ins~poe-0.02,business_interruption_ins~poe-0.1,contents_ins~poe-0.02,contents_ins~poe-0.1,nonstructural_ins~poe-0.02,nonstructural_ins~poe-0.1,occupants_ins~poe-0.02,occupants_ins~poe-0.1,structural_ins~poe-0.02,structural_ins~poe-0.1
a3,"tax1","02","0.21","Com",-122.57000,38.11300,4.11133E+01,4.11133E+01,2.41468E+02,2.41468E+02,3.62202E+02,3.62202E+02,8.22267E-04,8.22267E-04,1.15059E+02,1.15059E+02,7.00000E-01,7.00000E-01,7.00000E-01,7.00000E-01,7.00000E-01,7.00000E-01,0.00000E+00,0.00000E+00,7.00000E-01,7.00000E-01
a2,"tax2","01","0.12","Res",-122.11400,38.11300,3.66217E+01,3.66217E+01,5.84244E+02,5.84244E+02,8.52127E+02,8.52127E+02,7.32435E-04,7.32435E-04,0.00000E+00,0.00000E+00,7.00000E-01,7.00000E-01,7.00000E-01,7.00000E-01,7.00000E-01,7.00000E-01,0.00000E+00,0.00000E+00,0.00000E+00,0.00000E+00
a5,"tax1","02","0.23","Res",-122.00000,37.91000,2.45208E+01,2.45208E+01,1.29895E+02,1.29895E+02,1.94843E+02,1.94843E+02,4.90417E-04,4.90417E-04,0.00000E+00,0.00000E+00,7.00000E-01,7.00000E-01,7.00000E-01,7.00000E-01,7.00000E-01,7.00000E-01,0.00000E+00,0.00000E+00,0.00000E+00,0.00000E+00
a4,"tax3","02","0.22","Res",-122.00000,38.00000,2.84044E+01,2.84044E+01,2.41242E+02,2.41242E+02,4.72732E+02,4.72732E+02,5.68089E-04,5.68089E-04,0.00000E+00,0.00000E+00,7.00000E-01,7.00000E-01,7.00000E-01,7.00000E-01,7.00000E-01,7.00000E-01,0.00000E+00,0.00000E+00,0.00000E+00,0.00000E+00
a1,"tax1","01","0.11","Res",-122.00000,38.11300,4.52250E+01,4.52250E+01,2.74524E+02,2.74524E+02,4.11785E+02,4.11785E+02,9.04501E-04,9.04501E-04,1.59743E+02,1.59743E+02,7.00000E-01,7.00000E-01,7.00000E-01,7.00000E-01,7.00000E-01,7.00000E-01,0.00000E+00,0.00000E+00,7.00000E-01,7.00000E-01
a6,"tax2","03","0.31","Res",-122.00000,38.22500,9.34640E+01,9.34640E+01,1.32257E+03,1.32257E+03,1.54912E+03,1.54912E+03,1.86928E-03,1.86928E-03,1.87164E+02,1.87164E+02,7.00000E-01,7.00000E-01,7.00000E-01,7.00000E-01,7.00000E-01,7.00000E-01,0.00000E+00,0.00000E+00,7.00000E-01,7.00000E-01
a7,"tax1","03","0.32","Res",-121.88600,38.11300,4.83099E+01,4.83099E+01,2.86189E+02,2.86189E+02,4.29283E+02,4.29283E+02,9.66198E-04,9.66198E-04,1.36038E+02,1.36038E+02,7.00000E-01,7.00000E-01,7.00000E-01,7.00000E-01,7.00000E-01,7.00000E-01,0.00000E+00,0.00000E+00,7.00000E-01,7.00000E-01
