asset_ref,taxonomy,state,cresta,lon,lat,business_interruption~poe-0.02,business_interruption~poe-0.1,contents~poe-0.02,contents~poe-0.1,nonstructural~poe-0.02,nonstructural~poe-0.1,occupants~poe-0.02,occupants~poe-0.1,structural~poe-0.02,structural~poe-0.1,business_interruption_ins~poe-0.02,business_interruption_ins~poe-0.1,contents_ins~poe-0.02,contents_ins~poe-0.1,nonstructural_ins~poe-0.02,nonstructural_ins~poe-0.1,occupants_ins~poe-0.02,occupants_ins~poe-0.1,structural_ins~poe-0.02,structural_ins~poe-0.1
a3,"tax1","02","0.21",-122.57000,38.11300,5.51010E+01,5.51010E+01,3.30613E+02,3.30613E+02,4.95920E+02,4.95920E+02,1.10202E-03,1.10202E-03,1.64772E+02,1.64772E+02,7.00000E-01,7.00000E-01,7.00000E-01,7.00000E-01,7.00000E-01,7.00000E-01,0.00000E+00,0.00000E+00,7.00000E-01,7.00000E-01
a2,"tax2","01","0.12",-122.11400,38.11300,4.01973E+01,4.01973E+01,1.28203E+03,1.28203E+03,1.49993E+03,1.49993E+03,8.03946E-04,8.03946E-04,1.02141E+02,1.02141E+02,7.00000E-01,7.00000E-01,7.00000E-01,7.00000E-01,7.00000E-01,7.00000E-01,0.00000E+00,0.00000E+00,7.00000E-01,7.00000E-01
a5,"tax1","02","0.23",-122.00000,37.91000,3.61842E+01,3.61842E+01,2.10880E+02,2.10880E+02,3.16319E+02,3.16319E+02,7.23683E-04,7.23683E-04,1.00348E+02,1.00348E+02,7.00000E-01,7.00000E-01,7.00000E-01,7.00000E-01,7.00000E-01,7.00000E-01,0.00000E+00,0.00000E+00,7.00000E-01,7.00000E-01
a4,"tax3","02","0.22",-122.00000,38.00000,2.84162E+01,2.84162E+01,1.07953E+02,1.07953E+02,2.94758E+02,2.94758E+02,5.68324E-04,5.68324E-04,0.00000E+00,0.00000E+00,7.00000E-01,7.00000E-01,7.00000E-01,7.00000E-01,7.00000E-01,7.00000E-01,0.00000E+00,0.00000E+00,0.00000E+00,0.00000E+00
a1,"tax1","01","0.11",-122.00000,38.11300,5.05964E+01,5.05964E+01,3.02529E+02,3.02529E+02,4.53793E+02,4.53793E+02,1.01193E-03,1.01193E-03,1.51680E+02,1.51680E+02,7.00000E-01,7.00000E-01,7.00000E-01,7.00000E-01,7.00000E-01,7.00000E-01,0.00000E+00,0.00000E+00,7.00000E-01,7.00000E-01
a6,"tax2","03","0.31",-122.00000,38.22500,4.42802E+01,4.42802E+01,7.28661E+02,7.28661E+02,9.25147E+02,9.25147E+02,8.85603E-04,8.85603E-04,1.09551E+02,1.09551E+02,7.00000E-01,7.00000E-01,7.00000E-01,7.00000E-01,7.00000E-01,7.00000E-01,0.00000E+00,0.00000E+00,7.00000E-01,7.00000E-01
a7,"tax1","03","0.32",-121.88600,38.11300,4.68005E+01,4.68005E+01,2.78135E+02,2.78135E+02,4.17202E+02,4.17202E+02,9.36011E-04,9.36011E-04,1.37324E+02,1.37324E+02,7.00000E-01,7.00000E-01,7.00000E-01,7.00000E-01,7.00000E-01,7.00000E-01,0.00000E+00,0.00000E+00,7.00000E-01,7.00000E-01
