asset_ref,taxonomy,state,cresta,occupancy,lon,lat,business_interruption~poe-0.02,business_interruption~poe-0.1,contents~poe-0.02,contents~poe-0.1,nonstructural~poe-0.02,nonstructural~poe-0.1,occupants~poe-0.02,occupants~poe-0.1,structural~poe-0.02,structural~poe-0.1,business_interruption_ins~poe-0.02,business_interruption_ins~poe-0.1,contents_ins~poe-0.02,contents_ins~poe-0.1,nonstructural_ins~poe-0.02,nonstructural_ins~poe-0.1,occupants_ins~poe-0.02,occupants_ins~poe-0.1,structural_ins~poe-0.02,structural_ins~poe-0.1
a3,"tax1","02","0.21","Com",-122.57000,38.11300,3.23553E+01,3.17610E+01,1.79660E+02,1.75744E+02,2.69490E+02,2.63616E+02,6.47106E-04,6.35219E-04,0.00000E+00,0.00000E+00,7.00000E-01,7.00000E-01,7.00000E-01,7.00000E-01,7.00000E-01,7.00000E-01,0.00000E+00,0.00000E+00,0.00000E+00,0.00000E+00
a2,"tax2","01","0.12","Res",-122.11400,38.11300,4.16897E+02,3.95376E+02,8.11777E+02,7.88489E+02,1.04916E+03,1.02369E+03,8.33795E-03,7.90752E-03,1.14282E+03,1.07862E+03,7.00000E-01,7.00000E-01,7.00000E-01,7.00000E-01,7.00000E-01,7.00000E-01,0.00000E+00,0.00000E+00,7.00000E-01,6.60675E-01
a5,"tax1","02","0.23","Res",-122.00000,37.91000,4.71209E+01,4.57905E+01,2.78649E+02,2.69748E+02,4.17974E+02,4.04622E+02,9.42419E-04,9.15810E-04,1.31988E+02,1.24573E+02,7.00000E-01,7.00000E-01,7.00000E-01,7.00000E-01,7.00000E-01,7.00000E-01,0.00000E+00,0.00000E+00,7.00000E-01,6.60675E-01
a4,"tax3","02","0.22","Res",-122.00000,38.00000,1.63961E+03,1.55001E+03,1.85077E+03,1.75752E+03,1.53414E+04,1.45092E+04,3.27922E-02,3.10001E-02,7.25233E+03,6.85135E+03,7.00000E-01,7.00000E-01,7.00000E-01,7.00000E-01,7.00000E-01,7.00000E-01,0.00000E+00,0.00000E+00,7.00000E-01,7.00000E-01
a1,"tax1","01","0.11","Res",-122.00000,38.11300,4.27578E+02,4.06049E+02,3.37709E+03,3.20215E+03,3.84820E+03,3.65418E+03,8.55155E-03,8.12098E-03,2.13789E+03,2.02513E+03,7.00000E-01,7.00000E-01,7.00000E-01,7.00000E-01,7.00000E-01,7.00000E-01,0.00000E+00,0.00000E+00,7.00000E-01,7.00000E-01
a6,"tax2","03","0.31","Res",-122.00000,38.22500,5.18734E+01,5.10139E+01,1.87975E+03,1.80064E+03,1.96093E+03,1.89051E+03,1.03747E-03,1.02028E-03,1.21838E+02,1.14993E+02,7.00000E-01,7.00000E-01,7.00000E-01,7.00000E-01,7.00000E-01,7.00000E-01,0.00000E+00,0.00000E+00,7.00000E-01,6.60675E-01
a7,"tax1","03","0.32","Res",-121.88600,38.11300,1.20076E+02,1.15080E+02,8.47881E+02,8.10052E+02,1.10745E+03,1.05994E+03,2.40152E-03,2.30160E-03,4.57779E+02,4.32061E+02,7.00000E-01,7.00000E-01,7.00000E-01,7.00000E-01,7.00000E-01,7.00000E-01,0.00000E+00,0.00000E+00,7.00000E-01,6.60675E-01
