======================== =======
Total number of ruptures 7      
Total number of events   9      
Rupture multiplicity     1.28600
======================== =======