# mean, investigation_time=1.0, imt="PGA"
lon,lat,depth,poe-0.1,poe-0.4,poe-0.6
0.00000,0.00000,0.00000,4.671418E-01,6.105652E-02,4.489890E-03
