======= ======
PGA     events
======= ======
0.01117 14,782
0.01381 14,782
0.00973 14,782
0.01066 1,534 
0.01338 1,534 
0.00921 1,534 
======= ======