# mean, investigation_time=1.0, imt="PGA"
lon,lat,depth,poe-0.1,poe-0.4,poe-0.6
0.00000,0.00000,0.00000,7.450932E-01,7.503557E-02,5.413863E-03
