asset_ref,taxonomy,lon,lat,structural
a1,"tax1",-122.00000,38.11300,3.32500E+01
