annual_frequency_of_exceedence,return_period,structural
1.00000E+00,1,2.23665E+06
5.00000E-01,2,8.21988E+06
