asset_ref,taxonomy,lon,lat,nonstructural~poe-0.1,structural~poe-0.1
a0,"RM",81.29850,29.10980,0.00000E+00,6.44785E+02
a1,"RC",83.08230,27.90060,1.31092E+02,1.55498E+02
a2,"W",85.74770,27.90150,6.06675E+01,5.73507E+02
a3,"RM",85.74770,27.90150,3.68292E+02,1.55270E+03
